

Tue May 16 22:58:42 2023
Command line: TestDisk

TestDisk 7.1, Data Recovery Utility, July 2019
Christophe GRENIER <grenier@cgsecurity.org>
https://www.cgsecurity.org
OS: Linux, kernel 6.2.10-arch1-1 (#1 SMP PREEMPT_DYNAMIC Fri, 07 Apr 2023 02:10:43 +0000) x86_64
Compiler: GCC 12.2
ext2fs lib: 1.47.0, ntfs lib: libntfs-3g, reiserfs lib: none, ewf lib: none, curses lib: ncurses 6.3
User is not root!
Hard disk list


TestDisk exited normally.
Using locale 'en_US.UTF-8'.


Tue May 16 22:58:42 2023
Command line: TestDisk /debug

TestDisk 7.1, Data Recovery Utility, July 2019
Christophe GRENIER <grenier@cgsecurity.org>
https://www.cgsecurity.org
OS: Linux, kernel 6.2.10-arch1-1 (#1 SMP PREEMPT_DYNAMIC Fri, 07 Apr 2023 02:10:43 +0000) x86_64
Compiler: GCC 12.2
ext2fs lib: 1.47.0, ntfs lib: libntfs-3g, reiserfs lib: none, ewf lib: none, curses lib: ncurses 6.3
/dev/sda: LBA, HPA, LBA48, DCO support
/dev/sda: size       625142448 sectors
/dev/sda: user_max   625142448 sectors
/dev/sda: native_max 625142448 sectors
/dev/sda: dco        625142448 sectors
Warning: can't get size for Disk /dev/mapper/control - 0 B - 0 sectors, sector size=512
Hard disk list
Disk /dev/sda - 320 GB / 298 GiB - CHS 38913 255 63, sector size=512 - Hitachi HTS545032B9A302, S/N:110203PBSC00PYHVP78S, FW:PB3AC60Y

Partition table type (auto): EFI GPT
Disk /dev/sda - 320 GB / 298 GiB - Hitachi HTS545032B9A302
Partition table type: EFI GPT

Analyse Disk /dev/sda - 320 GB / 298 GiB - CHS 38913 255 63
hdr_size=92
hdr_lba_self=1
hdr_lba_alt=625142447 (expected 625142447)
hdr_lba_start=34
hdr_lba_end=625142414
hdr_lba_table=2
hdr_entries=128
hdr_entsz=128
check_part_gpt failed for partition
 2 P Mac HFS                   409640  507214743  506805104
4f68bce3 e8cd 4db1 96 e7 fb ca f9 84 b7 09
Current partition structure:
 1 P EFI System                  2048     409639     407592
No HFS or HFS+ structure
 2 P Mac HFS                   409640  507214743  506805104
 2 P Mac HFS                   409640  507214743  506805104
 3 P Mac Boot               507214744  508484279    1269536
 4 P Unknown                508485632  623828991  115343360
 5 P Linux Swap             623828992  625142414    1313423

search_part()
Disk /dev/sda - 320 GB / 298 GiB - CHS 38913 255 63
FAT32 at 0/0/41
check_FAT: Unusual media descriptor (0xf0!=0xf8)
FAT1 : 32-3182
FAT2 : 3183-6333
start_rootdir : 6334 root cluster : 2
Data : 6334-409599
sectors : 409600
cluster_size : 1
no_of_cluster : 403266 (2 - 403267)
fat_length 3151 calculated 3151
FAT differs, FAT sectors=0-16/3151
heads/cylinder 16 (FAT) != 255 (HD)
sect/track 32 (FAT) != 63 (HD)
set_FAT_info: name from BS used

FAT32 at 0/0/41
     EFI System                    40     409639     409600 [EFI System Partition] [EFI]
     FAT32, blocksize=512, 209 MB / 200 MiB

recover_EXT2: s_block_group_nr=0/1933, s_mnt_count=1/4294967295, s_blocks_per_group=32768, s_inodes_per_group=8192
recover_EXT2: s_blocksize=4096
recover_EXT2: s_blocks_count 63350638
recover_EXT2: part_size 506805104
Filesystem created: Wed Apr  5 13:10:22 2023
Last mount time:    Wed Apr  5 13:05:21 2023
     Linux filesys. data       409640  507214743  506805104
     ext4 blocksize=4096 Large_file Sparse_SB Recover, 259 GB / 241 GiB

HFS+ magic value at 31572/167/44

HFS+ magic value at 31572/167/44
part_size 1269536
     Mac HFS                507214744  508484279    1269536
     HFS+ blocksize=4096 + Backup, 650 MB / 619 MiB

recover_EXT2: s_block_group_nr=0/416, s_mnt_count=168/4294967295, s_blocks_per_group=32768, s_inodes_per_group=8192
recover_EXT2: s_blocksize=4096
recover_EXT2: s_blocks_count 13631488
recover_EXT2: part_size 109051904
Filesystem created: Mon Sep 23 02:38:00 2019
Last mount time:    Mon Jan  1 23:11:50 2001
     Linux filesys. data    508485632  617537535  109051904
     ext4 blocksize=4096 Large_file Sparse_SB Recover, 55 GB / 52 GiB
     Linux Swap             623828992  625142391    1313400
     SWAP2 version 1, pagesize=4096, 672 MB / 641 MiB
Search for partition aborted

Results
   P EFI System                    40     409639     409600 [EFI System Partition] [EFI]
     FAT32, blocksize=512, 209 MB / 200 MiB
   P Linux filesys. data       409640  507214743  506805104
     ext4 blocksize=4096 Large_file Sparse_SB Recover, 259 GB / 241 GiB
   P Mac HFS                507214744  508484279    1269536
     HFS+ blocksize=4096 + Backup, 650 MB / 619 MiB
   P Linux filesys. data    508485632  617537535  109051904
     ext4 blocksize=4096 Large_file Sparse_SB Recover, 55 GB / 52 GiB
   P Linux Swap             623828992  625142391    1313400
     SWAP2 version 1, pagesize=4096, 672 MB / 641 MiB

Hint for advanced users: dmsetup may be used if you prefer to avoid rewriting the partition table for the moment:
echo "0 409600 linear /dev/sda 40" | dmsetup create test0
echo "0 506805104 linear /dev/sda 409640" | dmsetup create test1
echo "0 1269536 linear /dev/sda 507214744" | dmsetup create test2
echo "0 109051904 linear /dev/sda 508485632" | dmsetup create test3
echo "0 1313400 linear /dev/sda 623828992" | dmsetup create test4
SIGINT detected! TestDisk has been killed.


Tue May 16 22:59:54 2023
Command line: TestDisk

TestDisk 7.1, Data Recovery Utility, July 2019
Christophe GRENIER <grenier@cgsecurity.org>
https://www.cgsecurity.org
OS: Linux, kernel 6.2.10-arch1-1 (#1 SMP PREEMPT_DYNAMIC Fri, 07 Apr 2023 02:10:43 +0000) x86_64
Compiler: GCC 12.2
ext2fs lib: 1.47.0, ntfs lib: libntfs-3g, reiserfs lib: none, ewf lib: none, curses lib: ncurses 6.3
User is not root!
Hard disk list


TestDisk exited normally.
Using locale 'en_US.UTF-8'.


Tue May 16 22:59:54 2023
Command line: TestDisk /debug

TestDisk 7.1, Data Recovery Utility, July 2019
Christophe GRENIER <grenier@cgsecurity.org>
https://www.cgsecurity.org
OS: Linux, kernel 6.2.10-arch1-1 (#1 SMP PREEMPT_DYNAMIC Fri, 07 Apr 2023 02:10:43 +0000) x86_64
Compiler: GCC 12.2
ext2fs lib: 1.47.0, ntfs lib: libntfs-3g, reiserfs lib: none, ewf lib: none, curses lib: ncurses 6.3
/dev/sda: LBA, HPA, LBA48, DCO support
/dev/sda: size       625142448 sectors
/dev/sda: user_max   625142448 sectors
/dev/sda: native_max 625142448 sectors
/dev/sda: dco        625142448 sectors
Warning: can't get size for Disk /dev/mapper/control - 0 B - 0 sectors, sector size=512
Hard disk list
Disk /dev/sda - 320 GB / 298 GiB - CHS 38913 255 63, sector size=512 - Hitachi HTS545032B9A302, S/N:110203PBSC00PYHVP78S, FW:PB3AC60Y

Partition table type (auto): EFI GPT
Disk /dev/sda - 320 GB / 298 GiB - Hitachi HTS545032B9A302
Partition table type: EFI GPT

Interface Advanced
hdr_size=92
hdr_lba_self=1
hdr_lba_alt=625142447 (expected 625142447)
hdr_lba_start=34
hdr_lba_end=625142414
hdr_lba_table=2
hdr_entries=128
hdr_entsz=128
check_part_gpt failed for partition
 2 P Mac HFS                   409640  507214743  506805104
4f68bce3 e8cd 4db1 96 e7 fb ca f9 84 b7 09
 1 P EFI System                  2048     409639     407592
 2 P Mac HFS                   409640  507214743  506805104
 3 P Mac Boot               507214744  508484279    1269536
4f68bce3 e8cd 4db1 96 e7 fb ca f9 84 b7 09
 4 P Unknown                508485632  623828991  115343360
 5 P Linux Swap             623828992  625142414    1313423
4f68bce3 e8cd 4db1 96 e7 fb ca f9 84 b7 09
4f68bce3 e8cd 4db1 96 e7 fb ca f9 84 b7 09
4f68bce3 e8cd 4db1 96 e7 fb ca f9 84 b7 09
4f68bce3 e8cd 4db1 96 e7 fb ca f9 84 b7 09
4f68bce3 e8cd 4db1 96 e7 fb ca f9 84 b7 09
4f68bce3 e8cd 4db1 96 e7 fb ca f9 84 b7 09
SIGINT detected! TestDisk has been killed.


Tue May 16 23:00:34 2023
Command line: TestDisk

TestDisk 7.1, Data Recovery Utility, July 2019
Christophe GRENIER <grenier@cgsecurity.org>
https://www.cgsecurity.org
OS: Linux, kernel 6.2.10-arch1-1 (#1 SMP PREEMPT_DYNAMIC Fri, 07 Apr 2023 02:10:43 +0000) x86_64
Compiler: GCC 12.2
ext2fs lib: 1.47.0, ntfs lib: libntfs-3g, reiserfs lib: none, ewf lib: none, curses lib: ncurses 6.3
User is not root!
Hard disk list


TestDisk exited normally.
Using locale 'en_US.UTF-8'.


Tue May 16 23:00:34 2023
Command line: TestDisk /debug

TestDisk 7.1, Data Recovery Utility, July 2019
Christophe GRENIER <grenier@cgsecurity.org>
https://www.cgsecurity.org
OS: Linux, kernel 6.2.10-arch1-1 (#1 SMP PREEMPT_DYNAMIC Fri, 07 Apr 2023 02:10:43 +0000) x86_64
Compiler: GCC 12.2
ext2fs lib: 1.47.0, ntfs lib: libntfs-3g, reiserfs lib: none, ewf lib: none, curses lib: ncurses 6.3
/dev/sda: LBA, HPA, LBA48, DCO support
/dev/sda: size       625142448 sectors
/dev/sda: user_max   625142448 sectors
/dev/sda: native_max 625142448 sectors
/dev/sda: dco        625142448 sectors
Warning: can't get size for Disk /dev/mapper/control - 0 B - 0 sectors, sector size=512
Hard disk list
Disk /dev/sda - 320 GB / 298 GiB - CHS 38913 255 63, sector size=512 - Hitachi HTS545032B9A302, S/N:110203PBSC00PYHVP78S, FW:PB3AC60Y

Partition table type (auto): EFI GPT
Disk /dev/sda - 320 GB / 298 GiB - Hitachi HTS545032B9A302
Partition table type: EFI GPT
New options :
 Dump : No
 Align partition: Yes
 Expert mode : Yes

Analyse Disk /dev/sda - 320 GB / 298 GiB - CHS 38913 255 63
hdr_size=92
hdr_lba_self=1
hdr_lba_alt=625142447 (expected 625142447)
hdr_lba_start=34
hdr_lba_end=625142414
hdr_lba_table=2
hdr_entries=128
hdr_entsz=128
check_part_gpt failed for partition
 2 P Mac HFS                   409640  507214743  506805104
4f68bce3 e8cd 4db1 96 e7 fb ca f9 84 b7 09
Current partition structure:
 1 P EFI System                  2048     409639     407592
No HFS or HFS+ structure
 2 P Mac HFS                   409640  507214743  506805104
 2 P Mac HFS                   409640  507214743  506805104
 3 P Mac Boot               507214744  508484279    1269536
 4 P Unknown                508485632  623828991  115343360
 5 P Linux Swap             623828992  625142414    1313423

search_part()
Disk /dev/sda - 320 GB / 298 GiB - CHS 38913 255 63
FAT32 at 0/0/41
check_FAT: Unusual media descriptor (0xf0!=0xf8)
FAT1 : 32-3182
FAT2 : 3183-6333
start_rootdir : 6334 root cluster : 2
Data : 6334-409599
sectors : 409600
cluster_size : 1
no_of_cluster : 403266 (2 - 403267)
fat_length 3151 calculated 3151
FAT differs, FAT sectors=0-16/3151
heads/cylinder 16 (FAT) != 255 (HD)
sect/track 32 (FAT) != 63 (HD)
set_FAT_info: name from BS used

FAT32 at 0/0/41
     EFI System                    40     409639     409600 [EFI System Partition] [EFI]
     FAT32, blocksize=512, 209 MB / 200 MiB

recover_EXT2: s_block_group_nr=0/1933, s_mnt_count=1/4294967295, s_blocks_per_group=32768, s_inodes_per_group=8192
recover_EXT2: s_blocksize=4096
recover_EXT2: s_blocks_count 63350638
recover_EXT2: part_size 506805104
Filesystem created: Wed Apr  5 13:10:22 2023
Last mount time:    Wed Apr  5 13:05:21 2023
     Linux filesys. data       409640  507214743  506805104
     ext4 blocksize=4096 Large_file Sparse_SB Recover, 259 GB / 241 GiB

HFS+ magic value at 31572/167/44

HFS+ magic value at 31572/167/44
part_size 1269536
     Mac HFS                507214744  508484279    1269536
     HFS+ blocksize=4096 + Backup, 650 MB / 619 MiB

recover_EXT2: s_block_group_nr=0/416, s_mnt_count=168/4294967295, s_blocks_per_group=32768, s_inodes_per_group=8192
recover_EXT2: s_blocksize=4096
recover_EXT2: s_blocks_count 13631488
recover_EXT2: part_size 109051904
Filesystem created: Mon Sep 23 02:38:00 2019
Last mount time:    Mon Jan  1 23:11:50 2001
     Linux filesys. data    508485632  617537535  109051904
     ext4 blocksize=4096 Large_file Sparse_SB Recover, 55 GB / 52 GiB
FAT16 at 38516/110/31
check_FAT: Unusual number of reserved sectors 4 (FAT), should be 1.
FAT1 : 4-131
FAT2 : 132-259
start_rootdir : 260
Data : 292-131071
sectors : 131072
cluster_size : 4
no_of_cluster : 32695 (2 - 32696)
fat_length 128 calculated 128
heads/cylinder 64 (FAT) != 255 (HD)
sect/track 32 (FAT) != 63 (HD)

FAT16 at 38516/110/31
     EFI System             618766500  618897571     131072 [EFI System Partition] [ARCHISO_EFI]
     FAT16, blocksize=2048, 67 MB / 64 MiB
     Linux Swap             623828984  623828999         16
     SWAP2 version 0, pagesize=8192, 8192 B

HFS+ magic value at 38880/162/63
part_size 1953120
     Mac HFS                624617468  626570587    1953120
     HFS+ blocksize=4096, 999 MB / 953 MiB
This partition ends after the disk limits. (start=624617468, size=1953120, end=626570587, disk end=625142448)

HFS+ magic value at 38880/163/2
part_size 1953120
     Mac HFS                622664352  624617471    1953120
     HFS+ found using backup sector!, 999 MB / 953 MiB

HFS+ magic value at 38896/254/19
part_size 114441512
     Mac HFS                624880260  739321771  114441512
     HFS+ blocksize=4096, 58 GB / 54 GiB
This partition ends after the disk limits. (start=624880260, size=114441512, end=739321771, disk end=625142448)

HFS+ magic value at 38896/254/21
part_size 114441512
     Mac HFS                510438752  624880263  114441512
     HFS+ found using backup sector!, 58 GB / 54 GiB

HFS+ magic value at 38896/254/23
part_size 624470632
     Mac HFS                   409634  624880265  624470632
     HFS+ found using backup sector!, 319 GB / 297 GiB
Disk /dev/sda - 320 GB / 298 GiB - CHS 38913 255 63
Check the harddisk size: HD jumper settings, BIOS detection...
The harddisk (320 GB / 298 GiB) seems too small! (< 378 GB / 352 GiB)
The following partitions can't be recovered:
     Mac HFS                624617468  626570587    1953120
     HFS+ blocksize=4096, 999 MB / 953 MiB
     Mac HFS                624880260  739321771  114441512
     HFS+ blocksize=4096, 58 GB / 54 GiB

Results
     EFI System                    40     409639     409600 [EFI System Partition] [EFI]
     FAT32, blocksize=512, 209 MB / 200 MiB
     Mac HFS                   409634  624880265  624470632
     HFS+ found using backup sector!, 319 GB / 297 GiB
     Linux filesys. data       409640  507214743  506805104
     ext4 blocksize=4096 Large_file Sparse_SB Recover, 259 GB / 241 GiB
     Mac HFS                507214744  508484279    1269536
     HFS+ blocksize=4096 + Backup, 650 MB / 619 MiB
     Linux filesys. data    508485632  617537535  109051904
     ext4 blocksize=4096 Large_file Sparse_SB Recover, 55 GB / 52 GiB
     Mac HFS                510438752  624880263  114441512
     HFS+ found using backup sector!, 58 GB / 54 GiB
     EFI System             618766500  618897571     131072 [EFI System Partition] [ARCHISO_EFI]
     FAT16, blocksize=2048, 67 MB / 64 MiB
     Mac HFS                622664352  624617471    1953120
     HFS+ found using backup sector!, 999 MB / 953 MiB
     Linux Swap             623828984  623828999         16
     SWAP2 version 0, pagesize=8192, 8192 B

Hint for advanced users: dmsetup may be used if you prefer to avoid rewriting the partition table for the moment:
echo "0 409600 linear /dev/sda 40" | dmsetup create test0
echo "0 624470632 linear /dev/sda 409634" | dmsetup create test1
echo "0 506805104 linear /dev/sda 409640" | dmsetup create test2
echo "0 1269536 linear /dev/sda 507214744" | dmsetup create test3
echo "0 109051904 linear /dev/sda 508485632" | dmsetup create test4
echo "0 114441512 linear /dev/sda 510438752" | dmsetup create test5
echo "0 131072 linear /dev/sda 618766500" | dmsetup create test6
echo "0 1953120 linear /dev/sda 622664352" | dmsetup create test7
echo "0 16 linear /dev/sda 623828984" | dmsetup create test8


dir_partition inode=2
     Linux filesys. data       409640  507214743  506805104
     ext4 blocksize=4096 Large_file Sparse_SB Recover, 259 GB / 241 GiB
Directory /
       2 drwxr-xr-x     0      0      4096  5-Apr-2023 13:11 .
       2 drwxr-xr-x     0      0      4096  5-Apr-2023 13:11 ..
      11 drwx------     0      0     16384  5-Apr-2023 13:10 lost+found
 1703937 drwxr-xr-x  1000    984      4096  5-Apr-2023 13:07 ecclesiastes

dir_partition inode=1703937
     Linux filesys. data       409640  507214743  506805104
     ext4 blocksize=4096 Large_file Sparse_SB Recover, 259 GB / 241 GiB
Directory /ecclesiastes
 1703937 drwxr-xr-x  1000    984      4096  5-Apr-2023 13:07 .
       2 drwxr-xr-x     0      0      4096  5-Apr-2023 13:11 ..
 1703938 -rw-r--r--  1000    984      1903 10-May-2023 10:24 brainstorm.md
 2230775 drwxr-xr-x  1000    984      4096 11-May-2023 23:20 a12
 1703940 -rw-r--r--  1000    984      1956  5-Apr-2023 13:12 fruitage of the spirit—memorize them.srt
 1703941 -rw-r--r--  1000    984     15230  5-Apr-2023 13:12 larbs.sh
 1708174 -rw-r--r--  1000    984       422 11-May-2023 22:59 phone_sync
 1703948 -rw-r--r--  1000    984       366 16-May-2023 10:18 metadata-config.json
 1703942 -rw-r--r--  1000    984      1490 11-May-2023 11:59 goals.log
 1703947 -rw-r--r--  1000    984       253 11-May-2023 11:59 goals-error.log
 1711242 -rw-r--r--  1000    984   4712576 16-May-2023 09:56 song54.mp3
 1703946 -rw-r--r--  1000    984    235479 11-May-2023 12:43 test.log
 1711229 -rw-r--r--  1000    984       229 12-May-2023 10:18 database.format
 1711239 -rwxr-xr-x  1000    984      4485  5-Apr-2023 14:27 dmenu_printing
 1703949 drwxr-xr-x  1000    984      4096  5-Apr-2023 13:13 Applications
 2490377 drwx------  1000    984      4096  5-Apr-2023 13:12 .cups
 1836257 drwxr-xr-x  1000    984      4096 16-May-2023 06:54 Documents
 1854977 drwxr-xr-x  1000    984      4096 10-May-2023 10:16 Downloads
 1856753 drwx------  1000    984      4096  5-May-2023 21:46 Mail
 1856754 drwxr-xr-x  1000    984      4096 11-May-2023 22:33 Movies
 1856856 drwxr-xr-x  1000    984      4096 11-May-2023 22:40 Music
 1711240 -rw-r--r--  1000    984      3515 16-May-2023 04:26 attachments
 1857964 drwxr-xr-x  1000    984      4096 11-May-2023 22:41 Pictures
 1711241 -rw-r--r--  1000    984     31614 16-May-2023 04:32 test.jpg
 1858097 drwxr-xr-x  1000    984      4096  5-Apr-2023 13:54 Programs
 1858755 drwxr-xr-x  1000    984      4096  5-May-2023 21:55 temp
 1858780 drwxr-xr-x  1000    984      4096  5-May-2023 21:55 usb
 1858781 drwxr-x---  1000    984      4096  5-May-2023 21:57 .android
 1711216 -rw-------  1000    984       714  5-May-2023 21:57 .bash_history
 1711217 -rw-r--r--  1000    984        21  5-May-2023 21:57 .bash_logout
 1711218 -rw-r--r--  1000    984        57  5-May-2023 21:57 .bash_profile
 1711219 -rw-r--r--  1000    984       172  5-May-2023 21:57 .bashrc
 1858785 drwxr-xr-x  1000    984      4096 16-May-2023 17:53 .cache
 2127017 drwxr-xr-x  1000    984      4096  5-Apr-2023 13:32 .config
 1711220 -rw-r--r--  1000    984        76  5-May-2023 22:04 .gitconfig
 1711221 -rw-r--r--  1000    984       143  5-May-2023 22:04 .gitmodules
 2130425 drwx------  1000    984      4096  5-May-2023 22:04 .gnupg
 2130438 drwxr-xr-x  1000    984      4096  5-May-2023 22:07 .gradle
 2130690 drwxr-xr-x  1000    984      4096  5-May-2023 22:09 .gradle_2
 1711222 lrwxrwxrwx  1000    984        25  5-May-2023 22:09 .gtkrc-2.0
 2504450 drwxr-xr-x  1000    984      4096  5-May-2023 22:09 .java
 2504476 drwx------  1000    984      4096  5-May-2023 22:09 .librewolf
 2504605 drwxr-xr-x  1000    984      4096 16-May-2023 17:53 .local
 2516330 drwxr-xr-x  1000    984      4096  5-May-2023 22:10 .m2
 1711223 lrwxrwxrwx  1000    984        39  5-May-2023 22:10 .msmtprc
 2130953 drwxr-xr-x  1000    984      4096  5-May-2023 22:11 .npm
 2131041 drwx------  1000    984      4096  5-May-2023 22:11 .pki
 1711224 -rw-r--r--  1000    984        93  5-May-2023 22:11 .profile
 2131046 drwxr-xr-x  1000    984      4096  5-May-2023 22:11 .repo
 2621498 drwx------  1000    984      4096 16-May-2023 20:04 .surf
 2621872 drwxr-xr-x  1000    984      4096  5-May-2023 22:11 .trash
 1711225 -rw-------  1000    984       819  5-May-2023 22:11 .viminfo
 1711226 -rw-------  1000    984        60  5-May-2023 22:11 .Xauthority
 1711227 lrwxrwxrwx  1000    984        20  5-May-2023 22:11 .xprofile
 1711228 lrwxrwxrwx  1000    984        21  5-May-2023 22:11 .zprofile
 1711243 lrwxrwxrwx  1000    984        34 11-May-2023 12:37 goals.md
 1711234 -rw-r--r--  1000    984       189  5-Apr-2023 13:33 poster-automatum-roadmap.md
 2097339 drwx------  1000    984      4096  5-Apr-2023 13:06 .scim
 1711244 -rw-r--r--  1000    984       148 16-May-2023 06:52 emoji-test.gif
 1703939 -rw-r--r--  1000    984      1036 16-May-2023 11:08 Ill_be_in_Mexico_Charlotte_NC_and_Eastern_Europe_Greece_Montenegro.txt
 1711250 -rw-r--r--  1000    984      1572 16-May-2023 20:04 surf-playexternal-20190724-b814567.diff

dir_partition inode=1858097
     Linux filesys. data       409640  507214743  506805104
     ext4 blocksize=4096 Large_file Sparse_SB Recover, 259 GB / 241 GiB
Directory /ecclesiastes/Programs
 1858097 drwxr-xr-x  1000    984      4096  5-Apr-2023 13:54 .
 1703937 drwxr-xr-x  1000    984      4096  5-Apr-2023 13:07 ..
 1858098 drwxr-xr-x  1000    984      4096  5-May-2023 21:47 Poster_Automatum_II
 1858727 drwxr-xr-x  1000    984      4096  5-May-2023 21:47 Enterprise
 1858752 drwxr-xr-x  1000    984      4096  5-May-2023 21:47 Enterprise_C
 2490973 drwxr-xr-x  1000    984      4096 16-May-2023 22:58 poster-c

dir_partition inode=2490973
     Linux filesys. data       409640  507214743  506805104
     ext4 blocksize=4096 Large_file Sparse_SB Recover, 259 GB / 241 GiB
Directory /ecclesiastes/Programs/poster-c
 2490973 drwxr-xr-x  1000    984      4096 16-May-2023 22:58 .
 1858097 drwxr-xr-x  1000    984      4096  5-Apr-2023 13:54 ..
 2490988 -rw-r--r--  1000    984         0 16-May-2023 22:47 item.c
 2491052 -rw-r--r--  1000    984        97 16-May-2023 02:02 math_utils.h
 2490376 -rwxr-xr-x  1000    984         0 16-May-2023 22:47 a.out
 2490998 -rw-r--r--  1000    984      1062  5-Apr-2023 18:11 item_types.h
 2491051 -rw-r--r--  1000    984   1753624 16-May-2023 02:09 item_types.h.gch
 2491054 -rw-r--r--  1000    984   1745079 16-May-2023 01:52 math_utils.h.gch
 2491229 lrwxrwxrwx  1000    984        45 16-May-2023 04:13 nxjson.c
 2490975 lrwxrwxrwx  1000    984        45 16-May-2023 04:13 nxjson.h
 2491006 -rw-r--r--  1000    984       828 16-May-2023 22:15 net_utils.h
 2491233 -rw-r--r--  1000    984   4017318 16-May-2023 04:16 net_utils.h.gch
 2490949 -rw-r--r--  1000    984      1350 16-May-2023 21:41 regex_utils.h
 2491239 -rw-r--r--  1000    984         0 16-May-2023 07:34 regex_utils.h.gch
 2490985 -rw-r--r--  1000    984       159  5-Apr-2023 15:08 Makefile
 2490990 -rw-r--r--  1000    984       668 16-May-2023 21:54 string_utils.h
 2490992 -rw-r--r--  1000    984      1293 16-May-2023 18:43 item.c.bak
 2490989 -rw-------  1000    984  11358208  5-Apr-2023 19:00 core.147404
 2490982 -rw-r--r--  1000    984     12288 16-May-2023 23:03 testdisk.log
Directory /ecclesiastes/Programs
 1858097 drwxr-xr-x  1000    984      4096  5-Apr-2023 13:54 .
 1703937 drwxr-xr-x  1000    984      4096  5-Apr-2023 13:07 ..
 1858098 drwxr-xr-x  1000    984      4096  5-May-2023 21:47 Poster_Automatum_II
 1858727 drwxr-xr-x  1000    984      4096  5-May-2023 21:47 Enterprise
 1858752 drwxr-xr-x  1000    984      4096  5-May-2023 21:47 Enterprise_C
 2490973 drwxr-xr-x  1000    984      4096 16-May-2023 22:58 poster-c
Directory /ecclesiastes
 1703937 drwxr-xr-x  1000    984      4096  5-Apr-2023 13:07 .
       2 drwxr-xr-x     0      0      4096  5-Apr-2023 13:11 ..
 1703938 -rw-r--r--  1000    984      1903 10-May-2023 10:24 brainstorm.md
 2230775 drwxr-xr-x  1000    984      4096 11-May-2023 23:20 a12
 1703940 -rw-r--r--  1000    984      1956  5-Apr-2023 13:12 fruitage of the spirit—memorize them.srt
 1703941 -rw-r--r--  1000    984     15230  5-Apr-2023 13:12 larbs.sh
 1708174 -rw-r--r--  1000    984       422 11-May-2023 22:59 phone_sync
 1703948 -rw-r--r--  1000    984       366 16-May-2023 10:18 metadata-config.json
 1703942 -rw-r--r--  1000    984      1490 11-May-2023 11:59 goals.log
 1703947 -rw-r--r--  1000    984       253 11-May-2023 11:59 goals-error.log
 1711242 -rw-r--r--  1000    984   4712576 16-May-2023 09:56 song54.mp3
 1703946 -rw-r--r--  1000    984    235479 11-May-2023 12:43 test.log
 1711229 -rw-r--r--  1000    984       229 12-May-2023 10:18 database.format
 1711239 -rwxr-xr-x  1000    984      4485  5-Apr-2023 14:27 dmenu_printing
 1703949 drwxr-xr-x  1000    984      4096  5-Apr-2023 13:13 Applications
 2490377 drwx------  1000    984      4096  5-Apr-2023 13:12 .cups
 1836257 drwxr-xr-x  1000    984      4096 16-May-2023 06:54 Documents
 1854977 drwxr-xr-x  1000    984      4096 10-May-2023 10:16 Downloads
 1856753 drwx------  1000    984      4096  5-May-2023 21:46 Mail
 1856754 drwxr-xr-x  1000    984      4096 11-May-2023 22:33 Movies
 1856856 drwxr-xr-x  1000    984      4096 11-May-2023 22:40 Music
 1711240 -rw-r--r--  1000    984      3515 16-May-2023 04:26 attachments
 1857964 drwxr-xr-x  1000    984      4096 11-May-2023 22:41 Pictures
 1711241 -rw-r--r--  1000    984     31614 16-May-2023 04:32 test.jpg
 1858097 drwxr-xr-x  1000    984      4096  5-Apr-2023 13:54 Programs
 1858755 drwxr-xr-x  1000    984      4096  5-May-2023 21:55 temp
 1858780 drwxr-xr-x  1000    984      4096  5-May-2023 21:55 usb
 1858781 drwxr-x---  1000    984      4096  5-May-2023 21:57 .android
 1711216 -rw-------  1000    984       714  5-May-2023 21:57 .bash_history
 1711217 -rw-r--r--  1000    984        21  5-May-2023 21:57 .bash_logout
 1711218 -rw-r--r--  1000    984        57  5-May-2023 21:57 .bash_profile
 1711219 -rw-r--r--  1000    984       172  5-May-2023 21:57 .bashrc
 1858785 drwxr-xr-x  1000    984      4096 16-May-2023 17:53 .cache
 2127017 drwxr-xr-x  1000    984      4096  5-Apr-2023 13:32 .config
 1711220 -rw-r--r--  1000    984        76  5-May-2023 22:04 .gitconfig
 1711221 -rw-r--r--  1000    984       143  5-May-2023 22:04 .gitmodules
 2130425 drwx------  1000    984      4096  5-May-2023 22:04 .gnupg
 2130438 drwxr-xr-x  1000    984      4096  5-May-2023 22:07 .gradle
 2130690 drwxr-xr-x  1000    984      4096  5-May-2023 22:09 .gradle_2
 1711222 lrwxrwxrwx  1000    984        25  5-May-2023 22:09 .gtkrc-2.0
 2504450 drwxr-xr-x  1000    984      4096  5-May-2023 22:09 .java
 2504476 drwx------  1000    984      4096  5-May-2023 22:09 .librewolf
 2504605 drwxr-xr-x  1000    984      4096 16-May-2023 17:53 .local
 2516330 drwxr-xr-x  1000    984      4096  5-May-2023 22:10 .m2
 1711223 lrwxrwxrwx  1000    984        39  5-May-2023 22:10 .msmtprc
 2130953 drwxr-xr-x  1000    984      4096  5-May-2023 22:11 .npm
 2131041 drwx------  1000    984      4096  5-May-2023 22:11 .pki
 1711224 -rw-r--r--  1000    984        93  5-May-2023 22:11 .profile
 2131046 drwxr-xr-x  1000    984      4096  5-May-2023 22:11 .repo
 2621498 drwx------  1000    984      4096 16-May-2023 20:04 .surf
 2621872 drwxr-xr-x  1000    984      4096  5-May-2023 22:11 .trash
 1711225 -rw-------  1000    984       819  5-May-2023 22:11 .viminfo
 1711226 -rw-------  1000    984        60  5-May-2023 22:11 .Xauthority
 1711227 lrwxrwxrwx  1000    984        20  5-May-2023 22:11 .xprofile
 1711228 lrwxrwxrwx  1000    984        21  5-May-2023 22:11 .zprofile
 1711243 lrwxrwxrwx  1000    984        34 11-May-2023 12:37 goals.md
 1711234 -rw-r--r--  1000    984       189  5-Apr-2023 13:33 poster-automatum-roadmap.md
 2097339 drwx------  1000    984      4096  5-Apr-2023 13:06 .scim
 1711244 -rw-r--r--  1000    984       148 16-May-2023 06:52 emoji-test.gif
 1703939 -rw-r--r--  1000    984      1036 16-May-2023 11:08 Ill_be_in_Mexico_Charlotte_NC_and_Eastern_Europe_Greece_Montenegro.txt
 1711250 -rw-r--r--  1000    984      1572 16-May-2023 20:04 surf-playexternal-20190724-b814567.diff
Directory /
       2 drwxr-xr-x     0      0      4096  5-Apr-2023 13:11 .
       2 drwxr-xr-x     0      0      4096  5-Apr-2023 13:11 ..
      11 drwx------     0      0     16384  5-Apr-2023 13:10 lost+found
 1703937 drwxr-xr-x  1000    984      4096  5-Apr-2023 13:07 ecclesiastes
Directory /
       2 drwxr-xr-x     0      0      4096  5-Apr-2023 13:11 .
       2 drwxr-xr-x     0      0      4096  5-Apr-2023 13:11 ..
      11 drwx------     0      0     16384  5-Apr-2023 13:10 lost+found
 1703937 drwxr-xr-x  1000    984      4096  5-Apr-2023 13:07 ecclesiastes

dir_partition inode=1703937
     Linux filesys. data       409640  507214743  506805104
     ext4 blocksize=4096 Large_file Sparse_SB Recover, 259 GB / 241 GiB
Directory /ecclesiastes
 1703937 drwxr-xr-x  1000    984      4096  5-Apr-2023 13:07 .
       2 drwxr-xr-x     0      0      4096  5-Apr-2023 13:11 ..
 1703938 -rw-r--r--  1000    984      1903 10-May-2023 10:24 brainstorm.md
 2230775 drwxr-xr-x  1000    984      4096 11-May-2023 23:20 a12
 1703940 -rw-r--r--  1000    984      1956  5-Apr-2023 13:12 fruitage of the spirit—memorize them.srt
 1703941 -rw-r--r--  1000    984     15230  5-Apr-2023 13:12 larbs.sh
 1708174 -rw-r--r--  1000    984       422 11-May-2023 22:59 phone_sync
 1703948 -rw-r--r--  1000    984       366 16-May-2023 10:18 metadata-config.json
 1703942 -rw-r--r--  1000    984      1490 11-May-2023 11:59 goals.log
 1703947 -rw-r--r--  1000    984       253 11-May-2023 11:59 goals-error.log
 1711242 -rw-r--r--  1000    984   4712576 16-May-2023 09:56 song54.mp3
 1703946 -rw-r--r--  1000    984    235479 11-May-2023 12:43 test.log
 1711229 -rw-r--r--  1000    984       229 12-May-2023 10:18 database.format
 1711239 -rwxr-xr-x  1000    984      4485  5-Apr-2023 14:27 dmenu_printing
 1703949 drwxr-xr-x  1000    984      4096  5-Apr-2023 13:13 Applications
 2490377 drwx------  1000    984      4096  5-Apr-2023 13:12 .cups
 1836257 drwxr-xr-x  1000    984      4096 16-May-2023 06:54 Documents
 1854977 drwxr-xr-x  1000    984      4096 10-May-2023 10:16 Downloads
 1856753 drwx------  1000    984      4096  5-May-2023 21:46 Mail
 1856754 drwxr-xr-x  1000    984      4096 11-May-2023 22:33 Movies
 1856856 drwxr-xr-x  1000    984      4096 11-May-2023 22:40 Music
 1711240 -rw-r--r--  1000    984      3515 16-May-2023 04:26 attachments
 1857964 drwxr-xr-x  1000    984      4096 11-May-2023 22:41 Pictures
 1711241 -rw-r--r--  1000    984     31614 16-May-2023 04:32 test.jpg
 1858097 drwxr-xr-x  1000    984      4096  5-Apr-2023 13:54 Programs
 1858755 drwxr-xr-x  1000    984      4096  5-May-2023 21:55 temp
 1858780 drwxr-xr-x  1000    984      4096  5-May-2023 21:55 usb
 1858781 drwxr-x---  1000    984      4096  5-May-2023 21:57 .android
 1711216 -rw-------  1000    984       714  5-May-2023 21:57 .bash_history
 1711217 -rw-r--r--  1000    984        21  5-May-2023 21:57 .bash_logout
 1711218 -rw-r--r--  1000    984        57  5-May-2023 21:57 .bash_profile
 1711219 -rw-r--r--  1000    984       172  5-May-2023 21:57 .bashrc
 1858785 drwxr-xr-x  1000    984      4096 16-May-2023 17:53 .cache
 2127017 drwxr-xr-x  1000    984      4096  5-Apr-2023 13:32 .config
 1711220 -rw-r--r--  1000    984        76  5-May-2023 22:04 .gitconfig
 1711221 -rw-r--r--  1000    984       143  5-May-2023 22:04 .gitmodules
 2130425 drwx------  1000    984      4096  5-May-2023 22:04 .gnupg
 2130438 drwxr-xr-x  1000    984      4096  5-May-2023 22:07 .gradle
 2130690 drwxr-xr-x  1000    984      4096  5-May-2023 22:09 .gradle_2
 1711222 lrwxrwxrwx  1000    984        25  5-May-2023 22:09 .gtkrc-2.0
 2504450 drwxr-xr-x  1000    984      4096  5-May-2023 22:09 .java
 2504476 drwx------  1000    984      4096  5-May-2023 22:09 .librewolf
 2504605 drwxr-xr-x  1000    984      4096 16-May-2023 17:53 .local
 2516330 drwxr-xr-x  1000    984      4096  5-May-2023 22:10 .m2
 1711223 lrwxrwxrwx  1000    984        39  5-May-2023 22:10 .msmtprc
 2130953 drwxr-xr-x  1000    984      4096  5-May-2023 22:11 .npm
 2131041 drwx------  1000    984      4096  5-May-2023 22:11 .pki
 1711224 -rw-r--r--  1000    984        93  5-May-2023 22:11 .profile
 2131046 drwxr-xr-x  1000    984      4096  5-May-2023 22:11 .repo
 2621498 drwx------  1000    984      4096 16-May-2023 20:04 .surf
 2621872 drwxr-xr-x  1000    984      4096  5-May-2023 22:11 .trash
 1711225 -rw-------  1000    984       819  5-May-2023 22:11 .viminfo
 1711226 -rw-------  1000    984        60  5-May-2023 22:11 .Xauthority
 1711227 lrwxrwxrwx  1000    984        20  5-May-2023 22:11 .xprofile
 1711228 lrwxrwxrwx  1000    984        21  5-May-2023 22:11 .zprofile
 1711243 lrwxrwxrwx  1000    984        34 11-May-2023 12:37 goals.md
 1711234 -rw-r--r--  1000    984       189  5-Apr-2023 13:33 poster-automatum-roadmap.md
 2097339 drwx------  1000    984      4096  5-Apr-2023 13:06 .scim
 1711244 -rw-r--r--  1000    984       148 16-May-2023 06:52 emoji-test.gif
 1703939 -rw-r--r--  1000    984      1036 16-May-2023 11:08 Ill_be_in_Mexico_Charlotte_NC_and_Eastern_Europe_Greece_Montenegro.txt
 1711250 -rw-r--r--  1000    984      1572 16-May-2023 20:04 surf-playexternal-20190724-b814567.diff
Directory /ecclesiastes
 1703937 drwxr-xr-x  1000    984      4096  5-Apr-2023 13:07 .
       2 drwxr-xr-x     0      0      4096  5-Apr-2023 13:11 ..
 1703938 -rw-r--r--  1000    984      1903 10-May-2023 10:24 brainstorm.md
 2230775 drwxr-xr-x  1000    984      4096 11-May-2023 23:20 a12
 1703940 -rw-r--r--  1000    984      1956  5-Apr-2023 13:12 fruitage of the spirit—memorize them.srt
 1703941 -rw-r--r--  1000    984     15230  5-Apr-2023 13:12 larbs.sh
 1708174 -rw-r--r--  1000    984       422 11-May-2023 22:59 phone_sync
 1703948 -rw-r--r--  1000    984       366 16-May-2023 10:18 metadata-config.json
 1703942 -rw-r--r--  1000    984      1490 11-May-2023 11:59 goals.log
 1703947 -rw-r--r--  1000    984       253 11-May-2023 11:59 goals-error.log
 1711242 -rw-r--r--  1000    984   4712576 16-May-2023 09:56 song54.mp3
 1703946 -rw-r--r--  1000    984    235479 11-May-2023 12:43 test.log
 1711229 -rw-r--r--  1000    984       229 12-May-2023 10:18 database.format
 1711239 -rwxr-xr-x  1000    984      4485  5-Apr-2023 14:27 dmenu_printing
 1703949 drwxr-xr-x  1000    984      4096  5-Apr-2023 13:13 Applications
 2490377 drwx------  1000    984      4096  5-Apr-2023 13:12 .cups
 1836257 drwxr-xr-x  1000    984      4096 16-May-2023 06:54 Documents
 1854977 drwxr-xr-x  1000    984      4096 10-May-2023 10:16 Downloads
 1856753 drwx------  1000    984      4096  5-May-2023 21:46 Mail
 1856754 drwxr-xr-x  1000    984      4096 11-May-2023 22:33 Movies
 1856856 drwxr-xr-x  1000    984      4096 11-May-2023 22:40 Music
 1711240 -rw-r--r--  1000    984      3515 16-May-2023 04:26 attachments
 1857964 drwxr-xr-x  1000    984      4096 11-May-2023 22:41 Pictures
 1711241 -rw-r--r--  1000    984     31614 16-May-2023 04:32 test.jpg
 1858097 drwxr-xr-x  1000    984      4096  5-Apr-2023 13:54 Programs
 1858755 drwxr-xr-x  1000    984      4096  5-May-2023 21:55 temp
 1858780 drwxr-xr-x  1000    984      4096  5-May-2023 21:55 usb
 1858781 drwxr-x---  1000    984      4096  5-May-2023 21:57 .android
 1711216 -rw-------  1000    984       714  5-May-2023 21:57 .bash_history
 1711217 -rw-r--r--  1000    984        21  5-May-2023 21:57 .bash_logout
 1711218 -rw-r--r--  1000    984        57  5-May-2023 21:57 .bash_profile
 1711219 -rw-r--r--  1000    984       172  5-May-2023 21:57 .bashrc
 1858785 drwxr-xr-x  1000    984      4096 16-May-2023 17:53 .cache
 2127017 drwxr-xr-x  1000    984      4096  5-Apr-2023 13:32 .config
 1711220 -rw-r--r--  1000    984        76  5-May-2023 22:04 .gitconfig
 1711221 -rw-r--r--  1000    984       143  5-May-2023 22:04 .gitmodules
 2130425 drwx------  1000    984      4096  5-May-2023 22:04 .gnupg
 2130438 drwxr-xr-x  1000    984      4096  5-May-2023 22:07 .gradle
 2130690 drwxr-xr-x  1000    984      4096  5-May-2023 22:09 .gradle_2
 1711222 lrwxrwxrwx  1000    984        25  5-May-2023 22:09 .gtkrc-2.0
 2504450 drwxr-xr-x  1000    984      4096  5-May-2023 22:09 .java
 2504476 drwx------  1000    984      4096  5-May-2023 22:09 .librewolf
 2504605 drwxr-xr-x  1000    984      4096 16-May-2023 17:53 .local
 2516330 drwxr-xr-x  1000    984      4096  5-May-2023 22:10 .m2
 1711223 lrwxrwxrwx  1000    984        39  5-May-2023 22:10 .msmtprc
 2130953 drwxr-xr-x  1000    984      4096  5-May-2023 22:11 .npm
 2131041 drwx------  1000    984      4096  5-May-2023 22:11 .pki
 1711224 -rw-r--r--  1000    984        93  5-May-2023 22:11 .profile
 2131046 drwxr-xr-x  1000    984      4096  5-May-2023 22:11 .repo
 2621498 drwx------  1000    984      4096 16-May-2023 20:04 .surf
 2621872 drwxr-xr-x  1000    984      4096  5-May-2023 22:11 .trash
 1711225 -rw-------  1000    984       819  5-May-2023 22:11 .viminfo
 1711226 -rw-------  1000    984        60  5-May-2023 22:11 .Xauthority
 1711227 lrwxrwxrwx  1000    984        20  5-May-2023 22:11 .xprofile
 1711228 lrwxrwxrwx  1000    984        21  5-May-2023 22:11 .zprofile
 1711243 lrwxrwxrwx  1000    984        34 11-May-2023 12:37 goals.md
 1711234 -rw-r--r--  1000    984       189  5-Apr-2023 13:33 poster-automatum-roadmap.md
 2097339 drwx------  1000    984      4096  5-Apr-2023 13:06 .scim
 1711244 -rw-r--r--  1000    984       148 16-May-2023 06:52 emoji-test.gif
 1703939 -rw-r--r--  1000    984      1036 16-May-2023 11:08 Ill_be_in_Mexico_Charlotte_NC_and_Eastern_Europe_Greece_Montenegro.txt
 1711250 -rw-r--r--  1000    984      1572 16-May-2023 20:04 surf-playexternal-20190724-b814567.diff
Directory /ecclesiastes
 1703937 drwxr-xr-x  1000    984      4096  5-Apr-2023 13:07 .
       2 drwxr-xr-x     0      0      4096  5-Apr-2023 13:11 ..
 1703938 -rw-r--r--  1000    984      1903 10-May-2023 10:24 brainstorm.md
 2230775 drwxr-xr-x  1000    984      4096 11-May-2023 23:20 a12
 1703940 -rw-r--r--  1000    984      1956  5-Apr-2023 13:12 fruitage of the spirit—memorize them.srt
 1703941 -rw-r--r--  1000    984     15230  5-Apr-2023 13:12 larbs.sh
 1708174 -rw-r--r--  1000    984       422 11-May-2023 22:59 phone_sync
 1703948 -rw-r--r--  1000    984       366 16-May-2023 10:18 metadata-config.json
 1703942 -rw-r--r--  1000    984      1490 11-May-2023 11:59 goals.log
 1703947 -rw-r--r--  1000    984       253 11-May-2023 11:59 goals-error.log
 1711242 -rw-r--r--  1000    984   4712576 16-May-2023 09:56 song54.mp3
 1703946 -rw-r--r--  1000    984    235479 11-May-2023 12:43 test.log
 1711229 -rw-r--r--  1000    984       229 12-May-2023 10:18 database.format
 1711239 -rwxr-xr-x  1000    984      4485  5-Apr-2023 14:27 dmenu_printing
 1703949 drwxr-xr-x  1000    984      4096  5-Apr-2023 13:13 Applications
 2490377 drwx------  1000    984      4096  5-Apr-2023 13:12 .cups
 1836257 drwxr-xr-x  1000    984      4096 16-May-2023 06:54 Documents
 1854977 drwxr-xr-x  1000    984      4096 10-May-2023 10:16 Downloads
 1856753 drwx------  1000    984      4096  5-May-2023 21:46 Mail
 1856754 drwxr-xr-x  1000    984      4096 11-May-2023 22:33 Movies
 1856856 drwxr-xr-x  1000    984      4096 11-May-2023 22:40 Music
 1711240 -rw-r--r--  1000    984      3515 16-May-2023 04:26 attachments
 1857964 drwxr-xr-x  1000    984      4096 11-May-2023 22:41 Pictures
 1711241 -rw-r--r--  1000    984     31614 16-May-2023 04:32 test.jpg
 1858097 drwxr-xr-x  1000    984      4096  5-Apr-2023 13:54 Programs
 1858755 drwxr-xr-x  1000    984      4096  5-May-2023 21:55 temp
 1858780 drwxr-xr-x  1000    984      4096  5-May-2023 21:55 usb
 1858781 drwxr-x---  1000    984      4096  5-May-2023 21:57 .android
 1711216 -rw-------  1000    984       714  5-May-2023 21:57 .bash_history
 1711217 -rw-r--r--  1000    984        21  5-May-2023 21:57 .bash_logout
 1711218 -rw-r--r--  1000    984        57  5-May-2023 21:57 .bash_profile
 1711219 -rw-r--r--  1000    984       172  5-May-2023 21:57 .bashrc
 1858785 drwxr-xr-x  1000    984      4096 16-May-2023 17:53 .cache
 2127017 drwxr-xr-x  1000    984      4096  5-Apr-2023 13:32 .config
 1711220 -rw-r--r--  1000    984        76  5-May-2023 22:04 .gitconfig
 1711221 -rw-r--r--  1000    984       143  5-May-2023 22:04 .gitmodules
 2130425 drwx------  1000    984      4096  5-May-2023 22:04 .gnupg
 2130438 drwxr-xr-x  1000    984      4096  5-May-2023 22:07 .gradle
 2130690 drwxr-xr-x  1000    984      4096  5-May-2023 22:09 .gradle_2
 1711222 lrwxrwxrwx  1000    984        25  5-May-2023 22:09 .gtkrc-2.0
 2504450 drwxr-xr-x  1000    984      4096  5-May-2023 22:09 .java
 2504476 drwx------  1000    984      4096  5-May-2023 22:09 .librewolf
 2504605 drwxr-xr-x  1000    984      4096 16-May-2023 17:53 .local
 2516330 drwxr-xr-x  1000    984      4096  5-May-2023 22:10 .m2
 1711223 lrwxrwxrwx  1000    984        39  5-May-2023 22:10 .msmtprc
 2130953 drwxr-xr-x  1000    984      4096  5-May-2023 22:11 .npm
 2131041 drwx------  1000    984      4096  5-May-2023 22:11 .pki
 1711224 -rw-r--r--  1000    984        93  5-May-2023 22:11 .profile
 2131046 drwxr-xr-x  1000    984      4096  5-May-2023 22:11 .repo
 2621498 drwx------  1000    984      4096 16-May-2023 20:04 .surf
 2621872 drwxr-xr-x  1000    984      4096  5-May-2023 22:11 .trash
 1711225 -rw-------  1000    984       819  5-May-2023 22:11 .viminfo
 1711226 -rw-------  1000    984        60  5-May-2023 22:11 .Xauthority
 1711227 lrwxrwxrwx  1000    984        20  5-May-2023 22:11 .xprofile
 1711228 lrwxrwxrwx  1000    984        21  5-May-2023 22:11 .zprofile
 1711243 lrwxrwxrwx  1000    984        34 11-May-2023 12:37 goals.md
 1711234 -rw-r--r--  1000    984       189  5-Apr-2023 13:33 poster-automatum-roadmap.md
 2097339 drwx------  1000    984      4096  5-Apr-2023 13:06 .scim
 1711244 -rw-r--r--  1000    984       148 16-May-2023 06:52 emoji-test.gif
 1703939 -rw-r--r--  1000    984      1036 16-May-2023 11:08 Ill_be_in_Mexico_Charlotte_NC_and_Eastern_Europe_Greece_Montenegro.txt
 1711250 -rw-r--r--  1000    984      1572 16-May-2023 20:04 surf-playexternal-20190724-b814567.diff
Directory /
       2 drwxr-xr-x     0      0      4096  5-Apr-2023 13:11 .
       2 drwxr-xr-x     0      0      4096  5-Apr-2023 13:11 ..
      11 drwx------     0      0     16384  5-Apr-2023 13:10 lost+found
 1703937 drwxr-xr-x  1000    984      4096  5-Apr-2023 13:07 ecclesiastes
Directory /
       2 drwxr-xr-x     0      0      4096  5-Apr-2023 13:11 .
       2 drwxr-xr-x     0      0      4096  5-Apr-2023 13:11 ..
      11 drwx------     0      0     16384  5-Apr-2023 13:10 lost+found
 1703937 drwxr-xr-x  1000    984      4096  5-Apr-2023 13:07 ecclesiastes

interface_write()
 
No partition found or selected for recovery
simulate write!

TestDisk exited normally.
